21:17:08 **** Incremental Build of configuration Debug for project STM32_GPIO ****
make -j8 all 
arm-none-eabi-gcc "../Core/Src/gpio.c" -mcpu=cortex-m4 -std=gnu11 -g3 -DDEBUG -DUSE_HAL_DRIVER -DSTM32F411xE -c -I../Core/Inc -I../Drivers/STM32F4xx_HAL_Driver/Inc -I../Drivers/STM32F4xx_HAL_Driver/Inc/Legacy -I../Drivers/CMSIS/Device/ST/STM32F4xx/Include -I../Drivers/CMSIS/Include -O0 -ffunction-sections -fdata-sections -Wall -fstack-usage -fcyclomatic-complexity -MMD -MP -MF"Core/Src/gpio.d" -MT"Core/Src/gpio.o" --specs=nano.specs -mfpu=fpv4-sp-d16 -mfloat-abi=hard -mthumb -o "Core/Src/gpio.o"
arm-none-eabi-gcc "../Core/Src/main.c" -mcpu=cortex-m4 -std=gnu11 -g3 -DDEBUG -DUSE_HAL_DRIVER -DSTM32F411xE -c -I../Core/Inc -I../Drivers/STM32F4xx_HAL_Driver/Inc -I../Drivers/STM32F4xx_HAL_Driver/Inc/Legacy -I../Drivers/CMSIS/Device/ST/STM32F4xx/Include -I../Drivers/CMSIS/Include -O0 -ffunction-sections -fdata-sections -Wall -fstack-usage -fcyclomatic-complexity -MMD -MP -MF"Core/Src/main.d" -MT"Core/Src/main.o" --specs=nano.specs -mfpu=fpv4-sp-d16 -mfloat-abi=hard -mthumb -o "Core/Src/main.o"
arm-none-eabi-gcc -o "STM32_GPIO.elf" @"objects.list"   -mcpu=cortex-m4 -T"C:\Repository\stm32_GPIO\STM32_GPIO_BAREMETAL\STM32_GPIO\STM32F411RETX_FLASH.ld" --specs=nosys.specs -Wl,-Map="STM32_GPIO.map" -Wl,--gc-sections -static --specs=nano.specs -mfpu=fpv4-sp-d16 -mfloat-abi=hard -mthumb -Wl,--start-group -lc -lm -Wl,--end-group
Finished building target: STM32_GPIO.elf
 
arm-none-eabi-size  STM32_GPIO.elf 
arm-none-eabi-objdump -h -S STM32_GPIO.elf  > "STM32_GPIO.list"
   text	   data	    bss	    dec	    hex	filename
   4932	     12	   1572	   6516	   1974	STM32_GPIO.elf
Finished building: default.size.stdout
 
Finished building: STM32_GPIO.list
 
21:17:15 **** Incremental Build of configuration Debug for project STM32_GPIO ****
make -j8 all 
arm-none-eabi-size  STM32_GPIO.elf 
   text	   data	    bss	    dec	    hex	filename
   4932	     12	   1572	   6516	   1974	STM32_GPIO.elf
Finished building: default.size.stdout
 
