../Drivers/STM32F4xx_HAL_Driver/Inc/stm32f4xx_ll_gpio.h:273:22:LL_GPIO_SetPinMode	48	static,ignoring_inline_asm
../Drivers/STM32F4xx_HAL_Driver/Inc/stm32f4xx_ll_gpio.h:342:22:LL_GPIO_SetPinOutputType	24	static
../Drivers/STM32F4xx_HAL_Driver/Inc/stm32f4xx_ll_gpio.h:413:22:LL_GPIO_SetPinSpeed	48	static,ignoring_inline_asm
../Drivers/STM32F4xx_HAL_Driver/Inc/stm32f4xx_ll_gpio.h:484:22:LL_GPIO_SetPinPull	48	static,ignoring_inline_asm
../Drivers/STM32F4xx_HAL_Driver/Inc/stm32f4xx_ll_gpio.h:800:26:LL_GPIO_IsInputPinSet	16	static
../Drivers/STM32F4xx_HAL_Driver/Inc/stm32f4xx_ll_gpio.h:852:26:LL_GPIO_IsOutputPinSet	16	static
../Drivers/STM32F4xx_HAL_Driver/Inc/stm32f4xx_ll_gpio.h:881:22:LL_GPIO_SetOutputPin	16	static
../Drivers/STM32F4xx_HAL_Driver/Inc/stm32f4xx_ll_gpio.h:910:22:LL_GPIO_ResetOutputPin	16	static
../Drivers/STM32F4xx_HAL_Driver/Inc/stm32f4xx_ll_gpio.h:939:22:LL_GPIO_TogglePin	24	static
../Drivers/STM32F4xx_HAL_Driver/Inc/stm32f4xx_ll_bus.h:409:22:LL_AHB1_GRP1_EnableClock	24	static
../Core/Src/gpio.c:11:6:LED_init	8	static
../Core/Src/gpio.c:23:6:OUTPUT_init_PB8	8	static
../Core/Src/gpio.c:35:6:OUTPUT_init_PC7	8	static
../Core/Src/gpio.c:47:6:LED_Blink_Fast	16	static
../Core/Src/gpio.c:53:9:OUTPUT_PB8_Blink_Fast	16	static
../Core/Src/gpio.c:60:9:OUTPUT_PC7_Blink_Fast	16	static
../Core/Src/gpio.c:67:6:Police_Blink_Fast	16	static
../Core/Src/gpio.c:82:6:BUTTON_init_PC13	8	static
../Core/Src/gpio.c:93:9:BUTTON_Read_PC13	8	static
../Core/Src/gpio.c:98:9:LED_Reset	8	static
