16:57:07 **** Incremental Build of configuration Debug for project st05-79-inclinometro_V01 ****
make -j8 all 
arm-none-eabi-gcc "../Core/Src/analog_output.c" -mcpu=cortex-m4 -std=gnu11 -g3 -DDEBUG -DUSE_HAL_DRIVER -DSTM32G4A1xx -c -I../Core/Inc -I../X-CUBE-MEMS1/Target -I../Drivers/STM32G4xx_HAL_Driver/Inc -I../Drivers/STM32G4xx_HAL_Driver/Inc/Legacy -I../Drivers/CMSIS/Device/ST/STM32G4xx/Include -I../Drivers/CMSIS/Include -I../Drivers/BSP/Components/ism330dhcx -I../Drivers/BSP/Components/lis2mdl -I../Middlewares/ST/STM32_MotionGC_Library/Inc -I../Middlewares/ST/STM32_MotionMC_Library/Inc -I../Middlewares/ST/STM32_MotionFX_Library/Inc -I../Drivers/BSP/Components/Common -I../Middlewares/ST/STM32_MotionAC_Library/Inc -I../CANopenNode -I../CANopenNode_STM32 -I../CANopenNode/301 -I../CANopenNode/303 -I../CANopenNode/304 -I../CANopenNode/305 -I../CANopenNode/309 -I"../CANopenNode/301" -O0 -ffunction-sections -fdata-sections -Wall -fstack-usage -fcyclomatic-complexity -MMD -MP -MF"Core/Src/analog_output.d" -MT"Core/Src/analog_output.o" --specs=nano.specs -mfpu=fpv4-sp-d16 -mfloat-abi=hard -mthumb -o "Core/Src/analog_output.o"
arm-none-eabi-gcc -o "st05-79-inclinometro_V01.elf" @"objects.list"  -Wl,--start-group -l:MotionGC_CM4F_wc32_ot_hard.a -l:MotionMC_CM4F_wc32_ot_hard.a -l:MotionFX_CM4F_wc32_ot_hard.a -l:MotionAC_CM4F_wc32_ot_hard.a -Wl,--end-group -mcpu=cortex-m4 -T"C:\Users\masoud\Repository\st05-79-inclinometro_v01\Workspace_V01\st05-79-inclinometro_V01\STM32G4A1KEUX_FLASH.ld" --specs=nosys.specs -Wl,-Map="st05-79-inclinometro_V01.map" -Wl,--gc-sections -static -L../Middlewares/ST/STM32_MotionGC_Library/Lib -L../Middlewares/ST/STM32_MotionMC_Library/Lib -L../Middlewares/ST/STM32_MotionFX_Library/Lib -L../Middlewares/ST/STM32_MotionAC_Library/Lib --specs=nano.specs -mfpu=fpv4-sp-d16 -mfloat-abi=hard -mthumb -Wl,--start-group -lc -lm -Wl,--end-group
C:/ST/STM32CubeIDE_2.1.1/STM32CubeIDE/plugins/com.st.stm32cube.ide.mcu.externaltools.gnu-tools-for-stm32.14.3.rel1.win32_1.0.100.202602081740/tools/bin/../lib/gcc/arm-none-eabi/14.3.1/../../../../arm-none-eabi/bin/ld.exe: warning: st05-79-inclinometro_V01.elf has a LOAD segment with RWX permissions
Finished building target: st05-79-inclinometro_V01.elf
 
arm-none-eabi-size  st05-79-inclinometro_V01.elf 
arm-none-eabi-objdump -h -S st05-79-inclinometro_V01.elf  > "st05-79-inclinometro_V01.list"
   text	   data	    bss	    dec	    hex	filename
 137256	      0	   6296	 143552	  230c0	st05-79-inclinometro_V01.elf
Finished building: default.size.stdout
 
Finished building: st05-79-inclinometro_V01.list
 
16:57:11 **** Incremental Build of configuration Debug for project st05-79-inclinometro_V01 ****
make -j8 all 
arm-none-eabi-size  st05-79-inclinometro_V01.elf 
   text	   data	    bss	    dec	    hex	filename
 137256	      0	   6296	 143552	  230c0	st05-79-inclinometro_V01.elf
Finished building: default.size.stdout
 
