16:41:14 **** Incremental Build of configuration Debug for project STM32_GPIO_LL ****
make -j8 all 
arm-none-eabi-gcc "../Core/Src/gpio.c" -mcpu=cortex-m4 -std=gnu11 -g3 -DDEBUG -DUSE_HAL_DRIVER -DSTM32F411xE -c -I../Core/Inc -I../Drivers/STM32F4xx_HAL_Driver/Inc -I../Drivers/STM32F4xx_HAL_Driver/Inc/Legacy -I../Drivers/CMSIS/Device/ST/STM32F4xx/Include -I../Drivers/CMSIS/Include -O0 -ffunction-sections -fdata-sections -Wall -fstack-usage -fcyclomatic-complexity -MMD -MP -MF"Core/Src/gpio.d" -MT"Core/Src/gpio.o" --specs=nano.specs -mfpu=fpv4-sp-d16 -mfloat-abi=hard -mthumb -o "Core/Src/gpio.o"
arm-none-eabi-gcc -o "STM32_GPIO_LL.elf" @"objects.list"   -mcpu=cortex-m4 -T"C:\Users\masoud\Repository\STM32_Class\STM32_GPIO_LL\STM32F411RETX_FLASH.ld" --specs=nosys.specs -Wl,-Map="STM32_GPIO_LL.map" -Wl,--gc-sections -static --specs=nano.specs -mfpu=fpv4-sp-d16 -mfloat-abi=hard -mthumb -Wl,--start-group -lc -lm -Wl,--end-group
Finished building target: STM32_GPIO_LL.elf
 
arm-none-eabi-size  STM32_GPIO_LL.elf 
arm-none-eabi-objdump -h -S STM32_GPIO_LL.elf  > "STM32_GPIO_LL.list"
   text	   data	    bss	    dec	    hex	filename
   5532	     12	   1572	   7116	   1bcc	STM32_GPIO_LL.elf
Finished building: default.size.stdout
 
Finished building: STM32_GPIO_LL.list
 

16:41:15 Build Finished. 0 errors, 0 warnings. (took 1s.20ms)

